Logging in...
node : Error: fetch failed
At line:1 char:54
+ ... dministrator\Desktop\hatod\hatod\api'; node test_api.mjs 2>&1 | tee t ...
+                                            ~~~~~~~~~~~~~~~~~~~~~~
    + CategoryInfo          : NotSpecified: (Error: fetch failed:String) [], RemoteExcept 
   ion
    + FullyQualifiedErrorId : NativeCommandError
 
Full error: TypeError: fetch failed
    at node:internal/deps/undici/undici:13510:13
    at process.processTicksAndRejections (node:internal/process/task_queues:105:5)
    at async test 
(file:///C:/Users/Administrator/Desktop/hatod/hatod/api/test_api.mjs:11:22) {
  [cause]: AggregateError [ECONNREFUSED]: 
      at internalConnectMultiple (node:net:1134:18)
      at afterConnectMultiple (node:net:1715:7) {
    code: 'ECONNREFUSED',
    [errors]: [ [Error], [Error] ]
  }
}
